---
source: tests/slack_test.rs
expression: value
---
{
  "blocks": [
    {
      "type": "divider"
    },
    {
      "text": {
        "text": "org/backend",
        "type": "plain_text"
      },
      "type": "header"
    },
    {
      "text": {
        "text": ":white_check_mark: *Done*\nReleased v2.0 API with pagination support (<https://github.com/org/backend/pull/50|#50>).",
        "type": "mrkdwn"
      },
      "type": "section"
    },
    {
      "text": {
        "text": ":construction: *In Progress*\n<https://github.com/charlie|@charlie> investigating rate-limit bug (<https://github.com/org/backend/issues/55|#55>).",
        "type": "mrkdwn"
      },
      "type": "section"
    },
    {
      "type": "divider"
    },
    {
      "text": {
        "text": "org/frontend",
        "type": "plain_text"
      },
      "type": "header"
    },
    {
      "text": {
        "text": ":white_check_mark: *Done*\nShipped dark mode (<https://github.com/org/frontend/pull/10|#10>) and fixed memory leak (<https://github.com/org/frontend/issues/11|#11>) — both merged by <https://github.com/alice|@alice>.",
        "type": "mrkdwn"
      },
      "type": "section"
    },
    {
      "text": {
        "text": ":construction: *In Progress*\nWorking on <https://github.com/org/frontend/pull/13|#13> for accessibility improvements.",
        "type": "mrkdwn"
      },
      "type": "section"
    },
    {
      "text": {
        "text": ":soon: *Next*\nPerformance audit planned for next sprint.",
        "type": "mrkdwn"
      },
      "type": "section"
    },
    {
      "type": "divider"
    },
    {
      "text": {
        "text": "Project Report — 2026-03-06",
        "type": "plain_text"
      },
      "type": "header"
    },
    {
      "text": {
        "text": ":memo: *Summary*",
        "type": "mrkdwn"
      },
      "type": "section"
    },
    {
      "text": {
        "text": "*Highlights*\n• Dark mode shipped on frontend (<https://github.com/org/frontend/pull/10|org/frontend#10>) by <https://github.com/alice|@alice>\n• Backend v2.0 API released (<https://github.com/org/backend/pull/50|org/backend#50>)\n\n*Risks*\n• Rate-limit bug (<https://github.com/org/backend/issues/55|org/backend#55>) may impact production\n• Accessibility PR (<https://github.com/org/frontend/pull/13|org/frontend#13>) needs review\n\n*Outlook*\nTeam velocity is strong. Focus next week on <https://github.com/org/frontend/issues/14|org/frontend#14> perf audit.",
        "type": "mrkdwn"
      },
      "type": "section"
    },
    {
      "elements": [
        {
          "text": "Generated by ceo-cli on 2026-03-06",
          "type": "mrkdwn"
        }
      ],
      "type": "context"
    }
  ]
}
