---
source: tests/tui_test.rs
expression: terminal.backend().to_string()
---
"┌ Report ──────────────────────────────────────────────────┐"
"│# Report                                                  │"
"│                                                          │"
"│                                                          │"
"│                                                          │"
"│                                                          │"
"│                                                          │"
"│                                                          │"
"│                                                          │"
"│                                                          │"
"│                                                          │"
"│                                                          │"
"│                                                          │"
"│                                                          │"
"│                                                          │"
"│                                                          │"
"│                                                          │"
"└──────────────────────────────────────────────────────────┘"
"┌ Commands ────────────────────────────────────────────────┐"
"│Type /help for commands. Press Esc to quit.               │"
"│> /                                                       │"
"│  /help        Show available commands                    │"
"│  /quit        Exit interactive mode                      │"
"│  /top         Scroll to top of report                    │"
"└──────────────────────────────────────────────────────────┘"
