---
source: tests/tui_test.rs
expression: terminal.backend().to_string()
---
"┌ Report ────────────────────────────────────────┐"
"│# Report                                        │"
"│Line 1                                          │"
"│Line 2                                          │"
"│Line 3                                          │"
"│                                                │"
"│                                                │"
"│                                                │"
"│                                                │"
"│                                                │"
"└────────────────────────────────────────────────┘"
"┌ Commands ──────────────────────────────────────┐"
"│Type /help for commands. Press Esc to quit.     │"
"│>                                               │"
"└────────────────────────────────────────────────┘"
